// Jest Snapshot v1, https://goo.gl/fbAQLP

exports[`Component CardHolderInput: should match snapshot 1`] = `
<div
  className="card-holder-input__input-group"
>
  <input
    autoComplete="on"
    className="card-holder-input__input false false"
    id="cardHolderInput"
    onBlur={[Function]}
    onInput={[Function]}
    type="text"
    value=""
  />
  <label
    className="card-holder-input__label"
    htmlFor="cardHolderInput"
  >
    Titular
  </label>
  <svg
    className="card-holder-input__icon"
    height="20px"
    preserveAspectRatio="xMidYMid meet"
    version="1.1"
    viewBox="0 0 150 150"
    width="20px"
    xmlns="http://www.w3.org/2000/svg"
  >
    <path
      d="M95.540625,75.225 C108.1875,68.296875 116.75625,55.21875 116.75625,40.21875 C116.75625,18.046875 98.025,0 75,0 C51.975,0 33.24375,18.046875 33.24375,40.21875 C33.24375,55.21875 41.8125,68.296875 54.459375,75.225 C23.071875,83.85 0,111.61875 0,144.525 C0,144.890625 0.028125,145.2375 0.084375,145.95 C0.084375,148.190625 1.89375,150 4.134375,150 L145.875,150 C148.10625,150 149.953125,147.825 149.953125,145.584375 C149.971875,145.2375 150,144.890625 150,144.525 C150,111.61875 126.928125,83.85 95.540625,75.225 L95.540625,75.225 Z M41.353125,40.21875 C41.353125,22.51875 56.446875,8.109375 75,8.109375 C93.553125,8.109375 108.646875,22.51875 108.646875,40.21875 C108.646875,57.946875 93.553125,72.365625 75,72.365625 C56.446875,72.365625 41.353125,57.946875 41.353125,40.21875 L41.353125,40.21875 Z M8.165625,141.890625 C9.609375,107.8125 39.0375,80.5125 75,80.5125 C110.840625,80.5125 140.19375,107.64375 141.796875,141.88125 L8.165625,141.88125 L8.165625,141.890625 Z"
    />
  </svg>
</div>
`;
