// Jest Snapshot v1, https://goo.gl/fbAQLP

exports[`Component CardHolderInput: should match snapshot 1`] = `
<div
  className="card-cvv-input__input-group"
>
  <input
    autoComplete="on"
    className="card-cvv-input__input false false"
    name="cardHolderInput"
    onBlur={[Function]}
    onInput={[Function]}
    type="password"
    value=""
  />
  <label
    className="card-cvv-input__label"
  >
    CVV
  </label>
  <svg
    className="card-cvv-input__icon"
    height="20px"
    preserveAspectRatio="xMidYMid meet"
    version="1.1"
    viewBox="0 0 150 150"
    width="20px"
    xmlns="http://www.w3.org/2000/svg"
  >
    <path
      d="M129.7125,51.31875 L113.925,51.31875 L113.925,38.690625 C113.925,17.3625 96.46875,0 75.009375,0 C53.540625,0 36.084375,17.3625 36.084375,38.690625 L36.084375,51.31875 L20.296875,51.31875 C9.178125,51.31875 1.9875,58.509375 1.9875,69.6375 L1.9875,131.68125 C1.978125,142.809375 9.178125,150 20.296875,150 L129.7125,150 C140.85,150 148.040625,142.809375 148.040625,131.68125 L148.040625,69.6375 C148.03125,58.509375 140.83125,51.31875 129.7125,51.31875 L129.7125,51.31875 Z M140.1375,131.690625 C140.1375,138.515625 136.528125,142.115625 129.7125,142.115625 L20.296875,142.115625 C13.48125,142.115625 9.88125,138.50625 9.88125,131.690625 L9.88125,69.6375 C9.88125,62.8125 13.48125,59.2125 20.296875,59.2125 L129.7125,59.2125 C136.5375,59.2125 140.1375,62.821875 140.1375,69.6375 L140.1375,131.690625 L140.1375,131.690625 Z M43.978125,38.690625 C43.978125,21.703125 57.890625,7.89375 75.009375,7.89375 C92.1375,7.89375 106.021875,21.703125 106.021875,38.690625 L106.021875,51.31875 L43.978125,51.31875 L43.978125,38.690625 L43.978125,38.690625 Z"
    />
  </svg>
</div>
`;
